// Jest Snapshot v1, https://goo.gl/fbAQLP

exports[`Matches the snapshot. 1`] = `
Object {
  "asFragment": [Function],
  "baseElement": <body>
    <div>
      <div
        class="sc-knesRu bUXVrb"
      >
        <header
          class="sc-braxZu hkGCUc"
        >
          <div
            class="brand"
          >
            <a
              data-testid="header-logo"
              href="/"
            >
              abcdef 22
            </a>
          </div>
        </header>
        <section
          class="sc-dnaUSb gmCehD"
        >
          <nav
            class="sc-gJhJTp iPONKj"
          >
             Color
          </nav>
          <header
            class="sc-gnpbhQ bhddCY"
          >
            <h1>
              DynamoDB Values 
            </h1>
            ssm 
            <h2>
              un-defined
            </h2>
            constant
            <h2>
              3003
            </h2>
            config
            <h2>
              steenhansen.click
            </h2>
            <nav
              class="sc-la-DxNn eRNNIO"
              id="the-color_box"
            >
              <nav
                class="sc-iCZwEW liqqKe"
                data-testid="test-color_box"
              >
                rgb(0 0 0)
              </nav>
            </nav>
            <div
              class="sc-elDIKY gLwXhs"
            >
              <span>
                  red/green/blue
              </span>
               
              <input
                autocomplete="off"
                data-testid="test-color_rgb"
                id="new_color_int"
                name="new_color_int"
                placeholder="red, green, or blue"
                type="text"
              />
              <br />
              <br />
              <span>
                 0...255
              </span>
               
              <input
                autocomplete="off"
                data-testid="test-color_integer"
                id="new_color_int"
                name="new_color_int"
                placeholder="0...255"
                type="text"
              />
              <br />
                
              <br />
              <button
                data-testid="test-change"
                type="button"
              >
                AddChange
              </button>
                 
              <button
                data-testid="test-clear"
                type="button"
              >
                Clear all 3 rgb color indexes
              </button>
            </div>
            <ul
              data-testid="test-c_id"
              id="col_box_id"
            >
               
            </ul>
          </header>
        </section>
      </div>
    </div>
  </body>,
  "container": <div>
    <div
      class="sc-knesRu bUXVrb"
    >
      <header
        class="sc-braxZu hkGCUc"
      >
        <div
          class="brand"
        >
          <a
            data-testid="header-logo"
            href="/"
          >
            abcdef 22
          </a>
        </div>
      </header>
      <section
        class="sc-dnaUSb gmCehD"
      >
        <nav
          class="sc-gJhJTp iPONKj"
        >
           Color
        </nav>
        <header
          class="sc-gnpbhQ bhddCY"
        >
          <h1>
            DynamoDB Values 
          </h1>
          ssm 
          <h2>
            un-defined
          </h2>
          constant
          <h2>
            3003
          </h2>
          config
          <h2>
            steenhansen.click
          </h2>
          <nav
            class="sc-la-DxNn eRNNIO"
            id="the-color_box"
          >
            <nav
              class="sc-iCZwEW liqqKe"
              data-testid="test-color_box"
            >
              rgb(0 0 0)
            </nav>
          </nav>
          <div
            class="sc-elDIKY gLwXhs"
          >
            <span>
                red/green/blue
            </span>
             
            <input
              autocomplete="off"
              data-testid="test-color_rgb"
              id="new_color_int"
              name="new_color_int"
              placeholder="red, green, or blue"
              type="text"
            />
            <br />
            <br />
            <span>
               0...255
            </span>
             
            <input
              autocomplete="off"
              data-testid="test-color_integer"
              id="new_color_int"
              name="new_color_int"
              placeholder="0...255"
              type="text"
            />
            <br />
              
            <br />
            <button
              data-testid="test-change"
              type="button"
            >
              AddChange
            </button>
               
            <button
              data-testid="test-clear"
              type="button"
            >
              Clear all 3 rgb color indexes
            </button>
          </div>
          <ul
            data-testid="test-c_id"
            id="col_box_id"
          >
             
          </ul>
        </header>
      </section>
    </div>
  </div>,
  "debug": [Function],
  "findAllByAltText": [Function],
  "findAllByDisplayValue": [Function],
  "findAllByLabelText": [Function],
  "findAllByPlaceholderText": [Function],
  "findAllByRole": [Function],
  "findAllByTestId": [Function],
  "findAllByText": [Function],
  "findAllByTitle": [Function],
  "findByAltText": [Function],
  "findByDisplayValue": [Function],
  "findByLabelText": [Function],
  "findByPlaceholderText": [Function],
  "findByRole": [Function],
  "findByTestId": [Function],
  "findByText": [Function],
  "findByTitle": [Function],
  "getAllByAltText": [Function],
  "getAllByDisplayValue": [Function],
  "getAllByLabelText": [Function],
  "getAllByPlaceholderText": [Function],
  "getAllByRole": [Function],
  "getAllByTestId": [Function],
  "getAllByText": [Function],
  "getAllByTitle": [Function],
  "getByAltText": [Function],
  "getByDisplayValue": [Function],
  "getByLabelText": [Function],
  "getByPlaceholderText": [Function],
  "getByRole": [Function],
  "getByTestId": [Function],
  "getByText": [Function],
  "getByTitle": [Function],
  "queryAllByAltText": [Function],
  "queryAllByDisplayValue": [Function],
  "queryAllByLabelText": [Function],
  "queryAllByPlaceholderText": [Function],
  "queryAllByRole": [Function],
  "queryAllByTestId": [Function],
  "queryAllByText": [Function],
  "queryAllByTitle": [Function],
  "queryByAltText": [Function],
  "queryByDisplayValue": [Function],
  "queryByLabelText": [Function],
  "queryByPlaceholderText": [Function],
  "queryByRole": [Function],
  "queryByTestId": [Function],
  "queryByText": [Function],
  "queryByTitle": [Function],
  "rerender": [Function],
  "unmount": [Function],
}
`;
